// Jest Snapshot v1, https://goo.gl/fbAQLP

exports[`Testing al cliente Es Pablo 1`] = `
{
  "balance": 500,
  "nombre": "Pablo 2",
  "tipo": "Premium",
}
`;
